###############################################################################
#                                                                             #
# IAR ELF Linker V6.50.3.4676/W32 for ARM               01/Apr/2017  11:48:00 #
# Copyright 2007-2013 IAR Systems AB.                                         #
#                                                                             #
#    Output file  =  C:\Programms\IAR\VirtualCom\Flash                        #
#                    Debug\Exe\VirtualCom.out.tmp                             #
#    Map file     =  C:\Programms\IAR\VirtualCom\Flash                        #
#                    Debug\List\VirtualCom.map                                #
#    Command line =  "C:\Programms\IAR\VirtualCom\Flash                       #
#                    Debug\Obj\cd_class.o" "C:\Programms\IAR\VirtualCom\Flash #
#                     Debug\Obj\cstartup_M.o" "C:\Programms\IAR\VirtualCom\Fl #
#                    ash Debug\Obj\drv_OLED.o" "C:\Programms\IAR\VirtualCom\F #
#                    lash Debug\Obj\drv_clk.o" "C:\Programms\IAR\VirtualCom\F #
#                    lash Debug\Obj\drv_nvic.o" "C:\Programms\IAR\VirtualCom\ #
#                    Flash Debug\Obj\main.o" "C:\Programms\IAR\VirtualCom\Fla #
#                    sh Debug\Obj\usb_buffer.o" "C:\Programms\IAR\VirtualCom\ #
#                    Flash Debug\Obj\usb_dev_desc.o"                          #
#                    "C:\Programms\IAR\VirtualCom\Flash                       #
#                    Debug\Obj\usb_hooks.o" "C:\Programms\IAR\VirtualCom\Flas #
#                    h Debug\Obj\usb_hw.o" "C:\Programms\IAR\VirtualCom\Flash #
#                     Debug\Obj\usb_t9.o" --redirect _Printf=_PrintfSmall     #
#                    --redirect _Scanf=_ScanfSmall -o                         #
#                    "C:\Programms\IAR\VirtualCom\Flash                       #
#                    Debug\Exe\VirtualCom.out.tmp" --map                      #
#                    "C:\Programms\IAR\VirtualCom\Flash                       #
#                    Debug\List\VirtualCom.map" --config "C:\Program Files    #
#                    (x86)\IAR Systems\Embedded Workbench                     #
#                    6.5\arm\config\linker\NXP\lpc1347.icf" --semihosting     #
#                    --entry __iar_program_start --vfe                        #
#                                                                             #
#                                                                             #
###############################################################################

*******************************************************************************
*** RUNTIME MODEL ATTRIBUTES
***

CppFlavor       = *
__SystemLibrary = DLib


*******************************************************************************
*** PLACEMENT SUMMARY
***

"A1":  place at 0x00000000 { ro section .intvec };
"P1":  place in [from 0x00000000 to 0x000002fb] |
                [from 0x00000300 to 0x0000ffff] { ro };
"P2":  place in [from 0x10000000 to 0x10001fdf] { rw, block CSTACK, block HEAP };
"P4":  place in [from 0x20004000 to 0x200047ff] {
          rw data section USB_PACKET_MEMORY };

  Section              Kind        Address    Size  Object
  -------              ----        -------    ----  ------
"A1":                                         0xbc
  .intvec                       0x00000000    0xbc  <Block>
    .intvec            ro code  0x00000000    0xbc  cstartup_M.o [1]
                              - 0x000000bc    0xbc

"P1", part 1 of 2:                             0x8
  .rodata              const    0x000000bc     0x0  zero_init3.o [5]
  .rodata              const    0x000000bc     0x0  copy_init3.o [5]
  Initializer bytes    ro data  0x000000bc     0x8  <for P2 s0>
                              - 0x000000c4     0x8

"P1", part 2 of 2:                          0x3180
  .text                ro code  0x00000300   0xcf8  usb_t9.o [1]
  .text                ro code  0x00000ff8   0xb00  usb_hw.o [1]
  .text                ro code  0x00001af8    0x2a  usb_hooks.o [1]
  .text                ro code  0x00001b22    0x2e  copy_init3.o [5]
  .text                ro code  0x00001b50    0x90  usb_buffer.o [1]
  .text                ro code  0x00001be0    0x4c  xassert.o [3]
  .text                ro code  0x00001c2c   0x3c8  drv_clk.o [1]
  .text                ro code  0x00001ff4    0xa8  drv_nvic.o [1]
  .text                ro code  0x0000209c    0x14  usb_hw.o [1]
  .text                ro code  0x000020b0     0xe  usb_hw.o [1]
  .text                ro code  0x000020be    0x22  zero_init3.o [5]
  .text                ro code  0x000020e0   0x228  cd_class.o [1]
  .text                ro code  0x00002308    0x1c  usb_buffer.o [1]
  .text                ro code  0x00002324    0x18  usb_buffer.o [1]
  .text                ro code  0x0000233c    0xb4  xreportassert.o [3]
  .text                ro code  0x000023f0     0x6  abort.o [3]
  .text                ro code  0x000023f6     0xa  xsprout.o [3]
  .text                ro code  0x00002400    0x66  ABImemset.o [5]
  .text                ro code  0x00002466     0x2  cstartup_M.o [1]
  .text                ro code  0x00002468    0x76  ABImemcpy.o [5]
  .text                ro code  0x000024de    0x28  putchar.o [3]
  .text                ro code  0x00002508    0x14  exit.o [6]
  .text                ro code  0x0000251c    0x10  write.o [6]
  .text                ro code  0x0000252c    0x6c  iarttio.o [6]
  .text                ro code  0x00002598    0x1e  dwrite.o [6]
  .text                ro code  0x000025b8     0x8  XShttio.o [3]
  .text                ro code  0x000025c0    0x20  iarwstd.o [6]
  .text                ro code  0x000025e0    0x22  iarwrite.o [6]
  .text                ro code  0x00002604   0x490  xprintfsmall.o [3]
  .text                ro code  0x00002a94    0x16  strchr.o [5]
  .text                ro code  0x00002aac    0x36  strlen.o [5]
  .text                ro code  0x00002ae4    0x58  memchr.o [5]
  .text                ro code  0x00002b3c   0x484  main.o [1]
  .text                ro code  0x00002fc0   0x104  drv_OLED.o [1]
  .text                ro code  0x000030c4    0x34  sprintf.o [3]
  .rodata              const    0x000030f8    0x44  usb_dev_desc.o [1]
  .rodata              const    0x0000313c    0x40  drv_clk.o [1]
  .rodata              const    0x0000317c    0x3c  drv_nvic.o [1]
  .rodata              const    0x000031b8    0x3c  main.o [1]
  .rodata              const    0x000031f4    0x30  drv_nvic.o [1]
  .rodata              const    0x00003224    0x30  usb_t9.o [1]
  .rodata              const    0x00003254    0x2c  cd_class.o [1]
  .rodata              const    0x00003280    0x28  usb_hw.o [1]
  .text                ro code  0x000032a8    0x28  data_init.o [5]
  .iar.init_table      const    0x000032d0    0x2c  - Linker created -
  .rodata              const    0x000032fc    0x18  usb_dev_desc.o [1]
  .rodata              const    0x00003314    0x18  usb_dev_desc.o [1]
  .rodata              const    0x0000332c    0x18  usb_t9.o [1]
  .text                ro code  0x00003344    0x16  cmain.o [5]
  .text                ro code  0x0000335a     0x4  low_level_init.o [3]
  .text                ro code  0x0000335e     0x4  exit.o [3]
  .text                ro code  0x00003364     0xa  cexit.o [5]
  .rodata              const    0x00003370    0x14  usb_dev_desc.o [1]
  .rodata              const    0x00003384    0x14  usb_dev_desc.o [1]
  .rodata              const    0x00003398    0x14  usb_dev_desc.o [1]
  .rodata              const    0x000033ac    0x14  usb_t9.o [1]
  .rodata              const    0x000033c0    0x14  usb_t9.o [1]
  .rodata              const    0x000033d4    0x10  cd_class.o [1]
  .rodata              const    0x000033e4    0x10  cd_class.o [1]
  .rodata              const    0x000033f4    0x10  usb_dev_desc.o [1]
  .rodata              const    0x00003404    0x10  usb_dev_desc.o [1]
  .rodata              const    0x00003414    0x10  usb_t9.o [1]
  .rodata              const    0x00003424     0xc  usb_t9.o [1]
  .text                ro code  0x00003430     0xc  cstartup_M.o [5]
  .rodata              const    0x0000343c     0x8  usb_dev_desc.o [1]
  .rodata              const    0x00003444     0x8  usb_dev_desc.o [1]
  .rodata              const    0x0000344c     0x8  usb_dev_desc.o [1]
  .rodata              const    0x00003454     0x8  usb_dev_desc.o [1]
  .rodata              const    0x0000345c     0x8  usb_dev_desc.o [1]
  .rodata              const    0x00003464     0x8  usb_hw.o [1]
  .rodata              const    0x0000346c     0x8  usb_hw.o [1]
  .rodata              const    0x00003474     0x4  usb_dev_desc.o [1]
  .rodata              const    0x00003478     0x4  usb_hw.o [1]
  .rodata              const    0x0000347c     0x4  usb_hw.o [1]
                              - 0x00003480  0x3180

"P2", part 1 of 3:                             0x8
  P2 s0                         0x10000000     0x8  <Init block>
    .data              inited   0x10000000     0x8  XShttio.o [3]
                              - 0x10000008     0x8

"P2", part 2 of 3:                           0x2f0
  .bss                 zero     0x10000008   0x1b8  usb_hw.o [1]
  .bss                 zero     0x100001c0    0x78  usb_hw.o [1]
  .bss                 zero     0x10000238    0x40  cd_class.o [1]
  .bss                 zero     0x10000278    0x1c  usb_t9.o [1]
  .bss                 zero     0x10000294     0x8  cd_class.o [1]
  .bss                 zero     0x1000029c     0x8  cd_class.o [1]
  .bss                 zero     0x100002a4     0x8  usb_t9.o [1]
  .bss                 zero     0x100002ac     0x4  cd_class.o [1]
  .bss                 zero     0x100002b0     0x4  cd_class.o [1]
  .bss                 zero     0x100002b4     0x4  cd_class.o [1]
  .bss                 zero     0x100002b8     0x4  cd_class.o [1]
  .bss                 zero     0x100002bc     0x4  cd_class.o [1]
  .bss                 zero     0x100002c0     0x4  cd_class.o [1]
  .bss                 zero     0x100002c4     0x4  cd_class.o [1]
  .bss                 zero     0x100002c8     0x4  drv_nvic.o [1]
  .bss                 zero     0x100002cc     0x4  main.o [1]
  .bss                 zero     0x100002d0     0x4  main.o [1]
  .bss                 zero     0x100002d4     0x4  main.o [1]
  .bss                 zero     0x100002d8     0x4  main.o [1]
  .bss                 zero     0x100002dc     0x4  main.o [1]
  .bss                 zero     0x100002e0     0x4  usb_hw.o [1]
  .bss                 zero     0x100002e4     0x4  usb_hw.o [1]
  .bss                 zero     0x100002e8     0x4  usb_hw.o [1]
  .bss                 zero     0x100002ec     0x4  usb_t9.o [1]
  .bss                 zero     0x100002f0     0x4  usb_t9.o [1]
                              - 0x100002f4   0x2ec

"P2", part 3 of 3:                           0x800
  CSTACK                        0x100002f8   0x800  <Block>
    CSTACK             uninit   0x100002f8   0x800  <Block tail>
                              - 0x10000af8   0x800

"P4":                                        0x800
  USB_PACKET_MEMORY             0x20004000   0x800  <Block>
    USB_PACKET_MEMORY  zero     0x20004000   0x800  usb_hw.o [1]
                              - 0x20004800   0x800

Absolute sections, part 1 of 30:               0x4
  .noinit              uninit   0x40014000     0x4  main.o [1]
                              - 0x40014004     0x4

Absolute sections, part 2 of 30:               0x4
  .noinit              uninit   0x4003c010     0x4  main.o [1]
                              - 0x4003c014     0x4

Absolute sections, part 3 of 30:              0x48
  .noinit              uninit   0x40044000     0x4  main.o [1]
  .noinit              uninit   0x40044004     0x4  main.o [1]
  .noinit              uninit   0x40044008     0x4  main.o [1]
  .noinit              uninit   0x4004400c     0x4  usb_hw.o [1]
  .noinit              uninit   0x40044010     0x4  main.o [1]
  .noinit              uninit   0x40044014     0x4  main.o [1]
  .noinit              uninit   0x40044018     0x4  usb_hw.o [1]
  .noinit              uninit   0x4004401c     0x4  main.o [1]
  .noinit              uninit   0x40044020     0x4  main.o [1]
  .noinit              uninit   0x40044024     0x4  main.o [1]
  .noinit              uninit   0x40044028     0x4  main.o [1]
  .noinit              uninit   0x4004402c     0x4  main.o [1]
  .noinit              uninit   0x40044030     0x4  main.o [1]
  .noinit              uninit   0x40044034     0x4  main.o [1]
  .noinit              uninit   0x40044038     0x4  main.o [1]
  .noinit              uninit   0x4004403c     0x4  main.o [1]
  .noinit              uninit   0x40044040     0x4  main.o [1]
  .noinit              uninit   0x40044044     0x4  main.o [1]
                              - 0x40044048    0x48

Absolute sections, part 4 of 30:              0x28
  .noinit              uninit   0x40044050     0x4  main.o [1]
  .noinit              uninit   0x40044054     0x4  main.o [1]
  .noinit              uninit   0x40044058     0x4  main.o [1]
  .noinit              uninit   0x4004405c     0x4  main.o [1]
  .noinit              uninit   0x40044060     0x4  main.o [1]
  .noinit              uninit   0x40044064     0x4  main.o [1]
  .noinit              uninit   0x40044068     0x4  main.o [1]
  .noinit              uninit   0x4004406c     0x4  main.o [1]
  .noinit              uninit   0x40044070     0x4  main.o [1]
  .noinit              uninit   0x40044074     0x4  main.o [1]
                              - 0x40044078    0x28

Absolute sections, part 5 of 30:               0x8
  .noinit              uninit   0x4004407c     0x4  main.o [1]
  .noinit              uninit   0x40044080     0x4  main.o [1]
                              - 0x40044084     0x8

Absolute sections, part 6 of 30:               0x8
  .noinit              uninit   0x40044088     0x4  main.o [1]
  .noinit              uninit   0x4004408c     0x4  main.o [1]
                              - 0x40044090     0x8

Absolute sections, part 7 of 30:              0x44
  .noinit              uninit   0x40044094     0x4  main.o [1]
  .noinit              uninit   0x40044098     0x4  main.o [1]
  .noinit              uninit   0x4004409c     0x4  main.o [1]
  .noinit              uninit   0x400440a0     0x4  main.o [1]
  .noinit              uninit   0x400440a4     0x4  main.o [1]
  .noinit              uninit   0x400440a8     0x4  main.o [1]
  .noinit              uninit   0x400440ac     0x4  main.o [1]
  .noinit              uninit   0x400440b0     0x4  main.o [1]
  .noinit              uninit   0x400440b4     0x4  main.o [1]
  .noinit              uninit   0x400440b8     0x4  main.o [1]
  .noinit              uninit   0x400440bc     0x4  main.o [1]
  .noinit              uninit   0x400440c0     0x4  main.o [1]
  .noinit              uninit   0x400440c4     0x4  main.o [1]
  .noinit              uninit   0x400440c8     0x4  main.o [1]
  .noinit              uninit   0x400440cc     0x4  main.o [1]
  .noinit              uninit   0x400440d0     0x4  main.o [1]
  .noinit              uninit   0x400440d4     0x4  main.o [1]
                              - 0x400440d8    0x44

Absolute sections, part 8 of 30:               0x4
  .noinit              uninit   0x400440dc     0x4  main.o [1]
                              - 0x400440e0     0x4

Absolute sections, part 9 of 30:              0x14
  .noinit              uninit   0x40048004     0x4  drv_OLED.o [1]
  .noinit              uninit   0x40048008     0x4  drv_clk.o [1]
  .noinit              uninit   0x4004800c     0x4  drv_clk.o [1]
  .noinit              uninit   0x40048010     0x4  drv_clk.o [1]
  .noinit              uninit   0x40048014     0x4  drv_clk.o [1]
                              - 0x40048018    0x14

Absolute sections, part 10 of 30:              0x8
  .noinit              uninit   0x40048020     0x4  drv_clk.o [1]
  .noinit              uninit   0x40048024     0x4  drv_clk.o [1]
                              - 0x40048028     0x8

Absolute sections, part 11 of 30:             0x10
  .noinit              uninit   0x40048040     0x4  drv_clk.o [1]
  .noinit              uninit   0x40048044     0x4  drv_clk.o [1]
  .noinit              uninit   0x40048048     0x4  drv_clk.o [1]
  .noinit              uninit   0x4004804c     0x4  drv_clk.o [1]
                              - 0x40048050    0x10

Absolute sections, part 12 of 30:              0xc
  .noinit              uninit   0x40048070     0x4  drv_clk.o [1]
  .noinit              uninit   0x40048074     0x4  drv_clk.o [1]
  .noinit              uninit   0x40048078     0x4  drv_clk.o [1]
                              - 0x4004807c     0xc

Absolute sections, part 13 of 30:              0x4
  .noinit              uninit   0x40048080     0x4  usb_hw.o [1]
                              - 0x40048084     0x4

Absolute sections, part 14 of 30:              0xc
  .noinit              uninit   0x40048094     0x4  drv_clk.o [1]
  .noinit              uninit   0x40048098     0x4  drv_clk.o [1]
  .noinit              uninit   0x4004809c     0x4  drv_OLED.o [1]
                              - 0x400480a0     0xc

Absolute sections, part 15 of 30:              0xc
  .noinit              uninit   0x400480c0     0x4  drv_clk.o [1]
  .noinit              uninit   0x400480c4     0x4  drv_clk.o [1]
  .noinit              uninit   0x400480c8     0x4  drv_clk.o [1]
                              - 0x400480cc     0xc

Absolute sections, part 16 of 30:              0x4
  .noinit              uninit   0x400480e0     0x4  drv_clk.o [1]
                              - 0x400480e4     0x4

Absolute sections, part 17 of 30:              0x4
  .noinit              uninit   0x400480e8     0x4  drv_clk.o [1]
                              - 0x400480ec     0x4

Absolute sections, part 18 of 30:              0x4
  .noinit              uninit   0x40048198     0x4  usb_hw.o [1]
                              - 0x4004819c     0x4

Absolute sections, part 19 of 30:              0x4
  .noinit              uninit   0x40048238     0x4  usb_hw.o [1]
                              - 0x4004823c     0x4

Absolute sections, part 20 of 30:             0x14
  .noinit              uninit   0x40058000     0x4  drv_OLED.o [1]
  .noinit              uninit   0x40058004     0x4  drv_OLED.o [1]
  .noinit              uninit   0x40058008     0x4  main.o [1]
  .noinit              uninit   0x4005800c     0x4  main.o [1]
  .noinit              uninit   0x40058010     0x4  drv_OLED.o [1]
                              - 0x40058014    0x14

Absolute sections, part 21 of 30:              0x4
  .noinit              uninit   0x40080000     0x4  usb_hw.o [1]
                              - 0x40080004     0x4

Absolute sections, part 22 of 30:              0x8
  .noinit              uninit   0x40080008     0x4  usb_hw.o [1]
  .noinit              uninit   0x4008000c     0x4  usb_hw.o [1]
                              - 0x40080010     0x8

Absolute sections, part 23 of 30:             0x14
  .noinit              uninit   0x40080014     0x4  usb_hw.o [1]
  .noinit              uninit   0x40080018     0x4  usb_hw.o [1]
  .noinit              uninit   0x4008001c     0x4  usb_hw.o [1]
  .noinit              uninit   0x40080020     0x4  usb_hw.o [1]
  .noinit              uninit   0x40080024     0x4  usb_hw.o [1]
                              - 0x40080028    0x14

Absolute sections, part 24 of 30:              0x4
  .noinit              uninit   0x4008002c     0x4  usb_hw.o [1]
                              - 0x40080030     0x4

Absolute sections, part 25 of 30:              0x2
  .noinit              uninit   0x5000000b     0x1  main.o [1]
  .noinit              uninit   0x5000000c     0x1  main.o [1]
                              - 0x5000000d     0x2

Absolute sections, part 26 of 30:              0x8
  .noinit              uninit   0x50002000     0x4  main.o [1]
  .noinit              uninit   0x50002004     0x4  main.o [1]
                              - 0x50002008     0x8

Absolute sections, part 27 of 30:              0x4
  .noinit              uninit   0xe000e100     0x4  drv_nvic.o [1]
                              - 0xe000e104     0x4

Absolute sections, part 28 of 30:              0x4
  .noinit              uninit   0xe000e280     0x4  drv_nvic.o [1]
                              - 0xe000e284     0x4

Absolute sections, part 29 of 30:              0x4
  .noinit              uninit   0xe000e400     0x4  drv_nvic.o [1]
                              - 0xe000e404     0x4

Absolute sections, part 30 of 30:              0x4
  .noinit              uninit   0xe000ed08     0x4  main.o [1]
                              - 0xe000ed0c     0x4


*******************************************************************************
*** INIT TABLE
***

          Address     Size
          -------     ----
Zero (__iar_zero_init3)
    2 destination ranges, total size 0xaec:
          0x10000008  0x2ec
          0x20004000  0x800

Copy (__iar_copy_init3)
    1 source range, total size 0x8:
          0x000000bc    0x8
    1 destination range, total size 0x8:
          0x10000000    0x8



*******************************************************************************
*** MODULE SUMMARY
***

    Module            ro code  ro data  rw data  rw data
                                                  (abs)
    ------            -------  -------  -------  -------
C:\Programms\IAR\VirtualCom\Flash Debug\Obj: [1]
    cd_class.o            552       76      108
    cstartup_M.o          190
    drv_OLED.o            260                         20
    drv_clk.o             968       64                80
    drv_nvic.o            168      108        4       12
    main.o              1 156       60       20      222
    usb_buffer.o          196
    usb_dev_desc.o                 252
    usb_hooks.o            42
    usb_hw.o            2 850       64    2 620       56
    usb_t9.o            3 320      140       44
    ----------------------------------------------------
    Total:              9 702      764    2 796      390

command line: [2]
    ----------------------------------------------------
    Total:

dl7M_tln.a: [3]
    XShttio.o               8        8        8
    abort.o                 6
    exit.o                  4
    low_level_init.o        4
    putchar.o              40
    sprintf.o              52
    xassert.o              76
    xprintfsmall.o      1 168
    xreportassert.o       180
    xsprout.o              10
    ----------------------------------------------------
    Total:              1 548        8        8

m7M_tl.a: [4]
    ----------------------------------------------------
    Total:

rt7M_tl.a: [5]
    ABImemcpy.o           118
    ABImemset.o           102
    cexit.o                10
    cmain.o                22
    copy_init3.o           46
    cstartup_M.o           12
    data_init.o            40
    memchr.o               88
    strchr.o               22
    strlen.o               54
    zero_init3.o           34
    ----------------------------------------------------
    Total:                548

shb_l.a: [6]
    dwrite.o               30
    exit.o                 20
    iarttio.o             108
    iarwrite.o             34
    iarwstd.o              32
    write.o                16
    ----------------------------------------------------
    Total:                240

    Gaps                   12        2
    Linker created                  44    2 048
--------------------------------------------------------
    Grand Total:       12 050      818    4 852      390


*******************************************************************************
*** ENTRY LIST
***

Entry                      Address   Size  Type      Object
-----                      -------   ----  ----      ------
.intvec$$Base           0x00000000          --   Gb  - Linker created -
.intvec$$Limit          0x000000bc          --   Gb  - Linker created -
?main                   0x00003345         Code  Gb  cmain.o [5]
ADC_IRQHandler          0x00002467         Code  Wk  cstartup_M.o [1]
AnimAct                 0x100002dc    0x4  Data  Gb  main.o [1]
BOD_IRQHandler          0x00002467         Code  Wk  cstartup_M.o [1]
BusFault_Handler        0x00002467         Code  Wk  cstartup_M.o [1]
CDC_Configure           0x100002b0    0x4  Data  Lc  cd_class.o [1]
CDC_LineCoding          0x10000294    0x8  Data  Lc  cd_class.o [1]
CLK_GetClock            0x00001de1  0x1b4  Code  Gb  drv_clk.o [1]
CLK_MainOscSet          0x00001c2d   0x66  Code  Gb  drv_clk.o [1]
CLK_SetIRCOsc           0x00001c93   0x2a  Code  Gb  drv_clk.o [1]
CLK_SetMainClk          0x00001ce1   0x46  Code  Gb  drv_clk.o [1]
CLK_SetPLLInClk         0x00001cbd   0x24  Code  Gb  drv_clk.o [1]
CLK_SetPll              0x00001d4f   0x3c  Code  Gb  drv_clk.o [1]
CLK_SetUsbClk           0x00001d27   0x28  Code  Gb  drv_clk.o [1]
CLK_SetUsbPll           0x00001d8b   0x56  Code  Gb  drv_clk.o [1]
CSTACK$$Base            0x100002f8          --   Gb  - Linker created -
CSTACK$$Limit           0x10000af8          --   Gb  - Linker created -
CT16B0_IRQHandler       0x00002467         Code  Wk  cstartup_M.o [1]
CT16B1_IRQHandler       0x00002467         Code  Wk  cstartup_M.o [1]
CT32B0_IRQHandler       0x00002d43   0x6e  Code  Gb  main.o [1]
CT32B1_IRQHandler       0x00002467         Code  Wk  cstartup_M.o [1]
CdcReqPacket            0x1000029c    0x8  Data  Lc  cd_class.o [1]
CriticalSecCntr         0x100002c8    0x4  Data  Gb  drv_nvic.o [1]
DebugMon_Handler        0x00002467         Code  Wk  cstartup_M.o [1]
EntrCritSection         0x00002309   0x1c  Code  Gb  usb_buffer.o [1]
EpCnfg                  0x10000008  0x1b8  Data  Gb  usb_hw.o [1]
ExtCritSection          0x00002325   0x18  Code  Gb  usb_buffer.o [1]
FLEX_INT0_IRQHandler    0x00002467         Code  Wk  cstartup_M.o [1]
FLEX_INT1_IRQHandler    0x00002467         Code  Wk  cstartup_M.o [1]
FLEX_INT2_IRQHandler    0x00002467         Code  Wk  cstartup_M.o [1]
FLEX_INT3_IRQHandler    0x00002467         Code  Wk  cstartup_M.o [1]
FLEX_INT4_IRQHandler    0x00002467         Code  Wk  cstartup_M.o [1]
FLEX_INT5_IRQHandler    0x00002467         Code  Wk  cstartup_M.o [1]
FLEX_INT6_IRQHandler    0x00002467         Code  Wk  cstartup_M.o [1]
FLEX_INT7_IRQHandler    0x00002467         Code  Wk  cstartup_M.o [1]
Fclkana                 0x0000313c   0x40  Data  Gb  drv_clk.o [1]
GINT0_IRQHandler        0x00002467         Code  Wk  cstartup_M.o [1]
GINT1_IRQHandler        0x00002467         Code  Wk  cstartup_M.o [1]
GPIO_B11                0x5000000b    0x1  Data  Gb  main.o [1]
GPIO_B12                0x5000000c    0x1  Data  Gb  main.o [1]
GpioInit                0x00002b71  0x1b0  Code  Gb  main.o [1]
HardFault_Handler       0x00002467         Code  Wk  cstartup_M.o [1]
I2C_IRQHandler          0x00002467         Code  Wk  cstartup_M.o [1]
InData                  0x100002ec    0x4  Data  Lc  usb_t9.o [1]
InitClock               0x00002b3d   0x34  Code  Gb  main.o [1]
IsUsbCdcConfigure       0x0000216b    0x6  Code  Gb  cd_class.o [1]
IsoTransEP              0x100002e8    0x4  Data  Lc  usb_hw.o [1]
LineCodingDelta         0x100002ac    0x4  Data  Lc  cd_class.o [1]
ManufacturerStrLan1     0x000032fc   0x18  Data  Gb  usb_dev_desc.o [1]
MemManage_Handler       0x00002467         Code  Wk  cstartup_M.o [1]
NMI_Handler             0x00002467         Code  Wk  cstartup_M.o [1]
NVIC_ClrPend            0x0000202b   0x36  Code  Gb  drv_nvic.o [1]
NVIC_IntEnable          0x00001ff5   0x36  Code  Gb  drv_nvic.o [1]
NVIC_IntPri             0x00002061   0x26  Code  Gb  drv_nvic.o [1]
OLED_SPI_Init           0x00002fc1   0xde  Code  Gb  drv_OLED.o [1]
PacketMemBuff           0x100001c0   0x78  Data  Gb  usb_hw.o [1]
PendSV_Handler          0x00002467         Code  Wk  cstartup_M.o [1]
ProductStrLan1          0x00003314   0x18  Data  Gb  usb_dev_desc.o [1]
Region$$Table$$Base     0x000032d0          --   Gb  - Linker created -
Region$$Table$$Limit    0x000032fc          --   Gb  - Linker created -
RxBuffer                0x10000238   0x40  Data  Lc  cd_class.o [1]
RxDone                  0x100002c4    0x4  Data  Lc  cd_class.o [1]
RxSize                  0x100002b4    0x4  Data  Lc  cd_class.o [1]
RxSizeHold              0x100002b8    0x4  Data  Lc  cd_class.o [1]
SPI_Receive             0x00002d21   0x22  Code  Gb  main.o [1]
SSP0_IRQHandler         0x00002467         Code  Wk  cstartup_M.o [1]
SSP1_IRQHandler         0x00002467         Code  Wk  cstartup_M.o [1]
SVC_Handler             0x00002467         Code  Wk  cstartup_M.o [1]
SerialNumberStrLan1     0x00003384   0x14  Data  Gb  usb_dev_desc.o [1]
SysTick_Handler         0x00002467         Code  Wk  cstartup_M.o [1]
Ticks                   0x100002cc    0x4  Data  Gb  main.o [1]
Ticks01s                0x100002d0    0x4  Data  Gb  main.o [1]
Ticks10s                0x100002d8    0x4  Data  Gb  main.o [1]
Ticks1s                 0x100002d4    0x4  Data  Gb  main.o [1]
TxDone                  0x100002c0    0x4  Data  Lc  cd_class.o [1]
TxSize                  0x100002bc    0x4  Data  Lc  cd_class.o [1]
USART_IRQHandler        0x00002467         Code  Wk  cstartup_M.o [1]
USBWakeup_IRQHandler    0x000018b3   0x12  Code  Gb  usb_hw.o [1]
USB_AddStatusEndHandler
                        0x0000066d   0x4e  Code  Lc  usb_t9.o [1]
USB_AllocateBuffer      0x00001029   0x8e  Code  Lc  usb_hw.o [1]
USB_CLASS_REQUEST_HOOK  0x00001b17    0x8  Code  Gb  usb_hooks.o [1]
USB_CONFIGURE_HOOK      0x00001b07    0x8  Code  Gb  usb_hooks.o [1]
USB_CONNECT_HOOK        0x00001b01    0x2  Code  Gb  usb_hooks.o [1]
USB_Configure           0x000014c9    0x2  Code  Gb  usb_hw.o [1]
USB_ConnectRes          0x000014b7   0x12  Code  Gb  usb_hw.o [1]
USB_CtrlEpDescr0        0x00003464    0x8  Data  Lc  usb_hw.o [1]
USB_CtrlEpDescr1        0x0000346c    0x8  Data  Lc  usb_hw.o [1]
USB_CtrlEpExtDescr0     0x00003478    0x4  Data  Lc  usb_hw.o [1]
USB_DectiveEP           0x000010e3   0x1e  Code  Lc  usb_hw.o [1]
USB_DevStatus           0x100002e0    0x4  Data  Lc  usb_hw.o [1]
USB_EP_ExtFind          0x00000f37   0x2e  Code  Gb  usb_t9.o [1]
USB_EP_IO               0x00001677  0x216  Code  Gb  usb_hw.o [1]
USB_EP_STALL_HOOK       0x00001b0f    0x2  Code  Gb  usb_hooks.o [1]
USB_EP_UNSTALL_HOOK     0x00001b11    0x2  Code  Gb  usb_hooks.o [1]
USB_EpLogToPhysAdd      0x0000188d   0x12  Code  Gb  usb_hw.o [1]
USB_FIQHandler          0x00002467         Code  Wk  cstartup_M.o [1]
USB_GET_DESCRIPTOR_HOOK
                        0x00001b13    0x4  Code  Gb  usb_hooks.o [1]
USB_GetStallEP          0x0000165b   0x1c  Code  Gb  usb_hw.o [1]
USB_HwInit              0x00001101   0xd6  Code  Gb  usb_hw.o [1]
USB_HwReset             0x000011d7   0xa0  Code  Gb  usb_hw.o [1]
USB_INTR_ENTRY_HOOK     0x00001af9    0x2  Code  Gb  usb_hooks.o [1]
USB_INTR_EXIT_HOOK      0x00001afb    0x2  Code  Gb  usb_hooks.o [1]
USB_IO_Data             0x00001b51   0x90  Code  Gb  usb_buffer.o [1]
USB_IRQHandler          0x000018c5  0x1ba  Code  Gb  usb_hw.o [1]
USB_PACKET_MEMORY$$Base
                        0x20004000          --   Gb  - Linker created -
USB_PACKET_MEMORY$$Length
                        0x00000800          --   Gb  - Linker created -
USB_PACKET_MEMORY$$Limit
                        0x20004800          --   Gb  - Linker created -
USB_PacketMemory        0x20004000  0x800  Data  Gb  usb_hw.o [1]
USB_RESET_HOOK          0x00001b05    0x2  Code  Gb  usb_hooks.o [1]
USB_RealizeEp           0x00001277  0x22e  Code  Gb  usb_hw.o [1]
USB_ReleaseBuffer       0x000010b7   0x2c  Code  Lc  usb_hw.o [1]
USB_SUSPEND_HOOK        0x00001b03    0x2  Code  Gb  usb_hooks.o [1]
USB_SetAdd              0x000014a5   0x12  Code  Gb  usb_hw.o [1]
USB_SetStallEP          0x000014cb  0x12c  Code  Gb  usb_hw.o [1]
USB_SetupHandler        0x000004ff  0x106  Code  Gb  usb_t9.o [1]
USB_StallCtrlEP         0x000015f7   0x64  Code  Gb  usb_hw.o [1]
USB_StatusEndHandler    0x0000064d   0x20  Code  Lc  usb_t9.o [1]
USB_StatusHandler       0x00000605   0x46  Code  Gb  usb_t9.o [1]
USB_StatusPhase         0x0000189f   0x14  Code  Gb  usb_hw.o [1]
USB_T9_Size             0x000004e1   0x1e  Code  Gb  usb_t9.o [1]
USB_VENDOR_REQUEST_HOOK
                        0x00001b1f    0x4  Code  Gb  usb_hooks.o [1]
USB_WKPINTR_ENTRY_HOOK  0x00001afd    0x2  Code  Gb  usb_hooks.o [1]
USB_WKPINTR_EXIT_HOOK   0x00001aff    0x2  Code  Gb  usb_hooks.o [1]
UsageFault_Handler      0x00002467         Code  Wk  cstartup_M.o [1]
UsbCdcConfigure         0x00002115   0x56  Code  Gb  cd_class.o [1]
UsbCdcData              0x000021f5   0x26  Code  Gb  cd_class.o [1]
UsbCdcInit              0x000020e1   0x34  Code  Gb  cd_class.o [1]
UsbCdcReadHandler       0x0000221d   0x30  Code  Lc  cd_class.o [1]
UsbCdcRequest           0x00002171   0x82  Code  Gb  cd_class.o [1]
UsbCdcWrite             0x0000227d   0x4a  Code  Gb  cd_class.o [1]
UsbCdcWriteHandler      0x0000224d   0x30  Code  Lc  cd_class.o [1]
UsbClearDevFeature      0x00000969   0x24  Code  Lc  usb_t9.o [1]
UsbClearEpFeature       0x00000991   0x36  Code  Lc  usb_t9.o [1]
UsbClearFeature         0x000009c7   0xe6  Code  Lc  usb_t9.o [1]
UsbClearInterfaceFeature
                        0x0000098d    0x4  Code  Lc  usb_t9.o [1]
UsbCoreInit             0x00000301   0x48  Code  Gb  usb_t9.o [1]
UsbCoreReq              0x00000349   0x64  Code  Gb  usb_t9.o [1]
UsbDescArray            0x00003398   0x14  Data  Gb  usb_dev_desc.o [1]
UsbDevConnectCallback   0x00000491   0x1c  Code  Gb  usb_t9.o [1]
UsbDevCtrl              0x10000278   0x1c  Data  Lc  usb_t9.o [1]
UsbDevResetCallback     0x000004d3    0xe  Code  Gb  usb_t9.o [1]
UsbDevStatus            0x0000083d   0x2c  Code  Lc  usb_t9.o [1]
UsbDevSuspendCallback   0x000004ad   0x26  Code  Gb  usb_t9.o [1]
UsbEPExt_Cfg0EP1        0x00003444    0x8  Data  Lc  usb_dev_desc.o [1]
UsbEPExt_Cfg0EP2        0x0000344c    0x8  Data  Lc  usb_dev_desc.o [1]
UsbEPExt_Cfg0EP3        0x00003454    0x8  Data  Lc  usb_dev_desc.o [1]
UsbEp0SetupPacket       0x100002a4    0x8  Data  Gb  usb_t9.o [1]
UsbEpDoubleBuffType     0x00003280   0x28  Data  Lc  usb_hw.o [1]
UsbEpInterfaceCnfg      0x00000f69   0x54  Code  Lc  usb_t9.o [1]
UsbEpStatus             0x00000887   0x3c  Code  Lc  usb_t9.o [1]
UsbFS_Cfg0              0x000030f8   0x44  Data  Gb  usb_dev_desc.o [1]
UsbFS_CfgArray          0x0000343c    0x8  Data  Lc  usb_dev_desc.o [1]
UsbFS_EPExtArray        0x000033f4   0x10  Data  Lc  usb_dev_desc.o [1]
UsbFS_StringArray       0x0000345c    0x8  Data  Lc  usb_dev_desc.o [1]
UsbFindConfiguration    0x00000703   0x2a  Code  Lc  usb_t9.o [1]
UsbFindEP               0x0000072d   0x70  Code  Lc  usb_t9.o [1]
UsbFindInterface        0x000006bb   0x48  Code  Lc  usb_t9.o [1]
UsbFree                 0x00001023    0x6  Code  Lc  usb_hw.o [1]
UsbGetConfiguration     0x00000dcd   0x46  Code  Lc  usb_t9.o [1]
UsbGetDescriptor        0x00000d3b   0x76  Code  Lc  usb_t9.o [1]
UsbGetDescriptorConfiguration
                        0x00000c67   0x3c  Code  Lc  usb_t9.o [1]
UsbGetDescriptorDevice  0x00000c37   0x30  Code  Lc  usb_t9.o [1]
UsbGetDescriptorString  0x00000ca3   0x98  Code  Lc  usb_t9.o [1]
UsbGetInterface         0x00000e4d   0x4c  Code  Lc  usb_t9.o [1]
UsbGetStatus            0x000008c3   0xa6  Code  Lc  usb_t9.o [1]
UsbInterfaceStatus      0x00000869   0x1e  Code  Lc  usb_t9.o [1]
UsbLanguages1Strings    0x00003404   0x10  Data  Gb  usb_dev_desc.o [1]
UsbLanguagesStr         0x00003474    0x4  Data  Gb  usb_dev_desc.o [1]
UsbMalloc               0x00000ff9   0x2a  Code  Lc  usb_hw.o [1]
UsbSetAddress           0x00000be9   0x4e  Code  Lc  usb_t9.o [1]
UsbSetConfiguration     0x00000e13   0x3a  Code  Lc  usb_t9.o [1]
UsbSetConfigurtonState  0x0000079d   0xa0  Code  Lc  usb_t9.o [1]
UsbSetDescriptor        0x00000db1   0x1c  Code  Lc  usb_t9.o [1]
UsbSetDevFeature        0x00000aad   0x24  Code  Lc  usb_t9.o [1]
UsbSetDevState          0x000003ad   0xe4  Code  Gb  usb_t9.o [1]
UsbSetEpFeature         0x00000ad5   0x36  Code  Lc  usb_t9.o [1]
UsbSetFeature           0x00000b0b   0xde  Code  Lc  usb_t9.o [1]
UsbSetInterface         0x00000e99   0x9e  Code  Lc  usb_t9.o [1]
UsbSetInterfaceFeature  0x00000ad1    0x4  Code  Lc  usb_t9.o [1]
UsbStandardDeviceDescriptorStr
                        0x00003370   0x14  Data  Gb  usb_dev_desc.o [1]
UsbSynchFrame           0x00000fbd    0x8  Code  Lc  usb_t9.o [1]
WWDT_IRQHandler         0x00002467         Code  Wk  cstartup_M.o [1]
_A_CLKOUTCLKSEL         0x400480e0    0x4  Data  Gb  drv_clk.o [1]
_A_CLKOUTDIV            0x400480e8    0x4  Data  Gb  drv_clk.o [1]
_A_CLRPEND0             0xe000e280    0x4  Data  Gb  drv_nvic.o [1]
_A_FLASHCFG             0x4003c010    0x4  Data  Gb  main.o [1]
_A_GPIO_DIR0            0x50002000    0x4  Data  Gb  main.o [1]
_A_GPIO_DIR1            0x50002004    0x4  Data  Gb  main.o [1]
_A_IOCON_PIO0_1         0x40044004    0x4  Data  Gb  main.o [1]
_A_IOCON_PIO0_16        0x40044040    0x4  Data  Gb  main.o [1]
_A_IOCON_PIO0_17        0x40044044    0x4  Data  Gb  main.o [1]
_A_IOCON_PIO0_2         0x40044008    0x4  Data  Gb  main.o [1]
_A_IOCON_PIO0_20        0x40044050    0x4  Data  Gb  main.o [1]
_A_IOCON_PIO0_21        0x40044054    0x4  Data  Gb  main.o [1]
_A_IOCON_PIO0_22        0x40044058    0x4  Data  Gb  main.o [1]
_A_IOCON_PIO0_23        0x4004405c    0x4  Data  Gb  main.o [1]
_A_IOCON_PIO0_3         0x4004400c    0x4  Data  Gb  usb_hw.o [1]
_A_IOCON_PIO0_4         0x40044010    0x4  Data  Gb  main.o [1]
_A_IOCON_PIO0_5         0x40044014    0x4  Data  Gb  main.o [1]
_A_IOCON_PIO0_6         0x40044018    0x4  Data  Gb  usb_hw.o [1]
_A_IOCON_PIO0_7         0x4004401c    0x4  Data  Gb  main.o [1]
_A_IOCON_PIO0_8         0x40044020    0x4  Data  Gb  main.o [1]
_A_IOCON_PIO0_9         0x40044024    0x4  Data  Gb  main.o [1]
_A_IOCON_PIO1_0         0x40044060    0x4  Data  Gb  main.o [1]
_A_IOCON_PIO1_1         0x40044064    0x4  Data  Gb  main.o [1]
_A_IOCON_PIO1_10        0x40044088    0x4  Data  Gb  main.o [1]
_A_IOCON_PIO1_11        0x4004408c    0x4  Data  Gb  main.o [1]
_A_IOCON_PIO1_13        0x40044094    0x4  Data  Gb  main.o [1]
_A_IOCON_PIO1_14        0x40044098    0x4  Data  Gb  main.o [1]
_A_IOCON_PIO1_15        0x4004409c    0x4  Data  Gb  main.o [1]
_A_IOCON_PIO1_16        0x400440a0    0x4  Data  Gb  main.o [1]
_A_IOCON_PIO1_17        0x400440a4    0x4  Data  Gb  main.o [1]
_A_IOCON_PIO1_18        0x400440a8    0x4  Data  Gb  main.o [1]
_A_IOCON_PIO1_19        0x400440ac    0x4  Data  Gb  main.o [1]
_A_IOCON_PIO1_2         0x40044068    0x4  Data  Gb  main.o [1]
_A_IOCON_PIO1_20        0x400440b0    0x4  Data  Gb  main.o [1]
_A_IOCON_PIO1_21        0x400440b4    0x4  Data  Gb  main.o [1]
_A_IOCON_PIO1_22        0x400440b8    0x4  Data  Gb  main.o [1]
_A_IOCON_PIO1_23        0x400440bc    0x4  Data  Gb  main.o [1]
_A_IOCON_PIO1_24        0x400440c0    0x4  Data  Gb  main.o [1]
_A_IOCON_PIO1_25        0x400440c4    0x4  Data  Gb  main.o [1]
_A_IOCON_PIO1_26        0x400440c8    0x4  Data  Gb  main.o [1]
_A_IOCON_PIO1_27        0x400440cc    0x4  Data  Gb  main.o [1]
_A_IOCON_PIO1_28        0x400440d0    0x4  Data  Gb  main.o [1]
_A_IOCON_PIO1_29        0x400440d4    0x4  Data  Gb  main.o [1]
_A_IOCON_PIO1_3         0x4004406c    0x4  Data  Gb  main.o [1]
_A_IOCON_PIO1_31        0x400440dc    0x4  Data  Gb  main.o [1]
_A_IOCON_PIO1_4         0x40044070    0x4  Data  Gb  main.o [1]
_A_IOCON_PIO1_5         0x40044074    0x4  Data  Gb  main.o [1]
_A_IOCON_PIO1_7         0x4004407c    0x4  Data  Gb  main.o [1]
_A_IOCON_PIO1_8         0x40044080    0x4  Data  Gb  main.o [1]
_A_IOCON_RESET_PIO0_0   0x40044000    0x4  Data  Gb  main.o [1]
_A_IOCON_SWCLK_PIO0_10  0x40044028    0x4  Data  Gb  main.o [1]
_A_IOCON_SWDIO_PIO0_15  0x4004403c    0x4  Data  Gb  main.o [1]
_A_IOCON_TDI_PIO0_11    0x4004402c    0x4  Data  Gb  main.o [1]
_A_IOCON_TDO_PIO0_13    0x40044034    0x4  Data  Gb  main.o [1]
_A_IOCON_TMS_PIO0_12    0x40044030    0x4  Data  Gb  main.o [1]
_A_IOCON_TRST_PIO0_14   0x40044038    0x4  Data  Gb  main.o [1]
_A_IP0                  0xe000e400    0x4  Data  Gb  drv_nvic.o [1]
_A_MAINCLKSEL           0x40048070    0x4  Data  Gb  drv_clk.o [1]
_A_MAINCLKUEN           0x40048074    0x4  Data  Gb  drv_clk.o [1]
_A_PDRUNCFG             0x40048238    0x4  Data  Gb  usb_hw.o [1]
_A_PRESETCTRL           0x40048004    0x4  Data  Gb  drv_OLED.o [1]
_A_SETENA0              0xe000e100    0x4  Data  Gb  drv_nvic.o [1]
_A_SSP0CLKDIV           0x40048094    0x4  Data  Gb  drv_clk.o [1]
_A_SSP1CLKDIV           0x4004809c    0x4  Data  Gb  drv_OLED.o [1]
_A_SSP1CPSR             0x40058010    0x4  Data  Gb  drv_OLED.o [1]
_A_SSP1CR0              0x40058000    0x4  Data  Gb  drv_OLED.o [1]
_A_SSP1CR1              0x40058004    0x4  Data  Gb  drv_OLED.o [1]
_A_SSP1DR               0x40058008    0x4  Data  Gb  main.o [1]
_A_SSP1SR               0x4005800c    0x4  Data  Gb  main.o [1]
_A_SYSAHBCLKCTRL        0x40048080    0x4  Data  Gb  usb_hw.o [1]
_A_SYSAHBCLKDIV         0x40048078    0x4  Data  Gb  drv_clk.o [1]
_A_SYSOSCCTRL           0x40048020    0x4  Data  Gb  drv_clk.o [1]
_A_SYSPLLCLKSEL         0x40048040    0x4  Data  Gb  drv_clk.o [1]
_A_SYSPLLCLKUEN         0x40048044    0x4  Data  Gb  drv_clk.o [1]
_A_SYSPLLCTRL           0x40048008    0x4  Data  Gb  drv_clk.o [1]
_A_SYSPLLSTAT           0x4004800c    0x4  Data  Gb  drv_clk.o [1]
_A_TMR32B0IR            0x40014000    0x4  Data  Gb  main.o [1]
_A_UARTCLKDIV           0x40048098    0x4  Data  Gb  drv_clk.o [1]
_A_USBCLKCTRL           0x40048198    0x4  Data  Gb  usb_hw.o [1]
_A_USBCLKDIV            0x400480c8    0x4  Data  Gb  drv_clk.o [1]
_A_USBCLKSEL            0x400480c0    0x4  Data  Gb  drv_clk.o [1]
_A_USBCLKUEN            0x400480c4    0x4  Data  Gb  drv_clk.o [1]
_A_USBPLLCLKSEL         0x40048048    0x4  Data  Gb  drv_clk.o [1]
_A_USBPLLCLKUEN         0x4004804c    0x4  Data  Gb  drv_clk.o [1]
_A_USBPLLCTRL           0x40048010    0x4  Data  Gb  drv_clk.o [1]
_A_USBPLLSTAT           0x40048014    0x4  Data  Gb  drv_clk.o [1]
_A_USB_DATABUFSTART     0x4008000c    0x4  Data  Gb  usb_hw.o [1]
_A_USB_DEVCMDSTAT       0x40080000    0x4  Data  Gb  usb_hw.o [1]
_A_USB_EPBUFCFG         0x4008001c    0x4  Data  Gb  usb_hw.o [1]
_A_USB_EPINUSE          0x40080018    0x4  Data  Gb  usb_hw.o [1]
_A_USB_EPLISTSTART      0x40080008    0x4  Data  Gb  usb_hw.o [1]
_A_USB_EPSKIP           0x40080014    0x4  Data  Gb  usb_hw.o [1]
_A_USB_INTEN            0x40080024    0x4  Data  Gb  usb_hw.o [1]
_A_USB_INTROUTING       0x4008002c    0x4  Data  Gb  usb_hw.o [1]
_A_USB_INTSTAT          0x40080020    0x4  Data  Gb  usb_hw.o [1]
_A_VTOR                 0xe000ed08    0x4  Data  Gb  main.o [1]
_A_WDTOSCCTRL           0x40048024    0x4  Data  Gb  drv_clk.o [1]
_LitobSmall             0x0000298f   0xce  Code  Lc  xprintfsmall.o [3]
_PrintfSmall            0x00002605  0x384  Code  Gb  xprintfsmall.o [3]
_PutcharsSmall          0x00002a5d   0x2e  Code  Lc  xprintfsmall.o [3]
_SProut                 0x000023f7    0xa  Code  Gb  xsprout.o [3]
__aeabi_assert          0x00001be3   0x4a  Code  Gb  xassert.o [3]
__aeabi_memcpy          0x00002469         Code  Gb  ABImemcpy.o [5]
__aeabi_memcpy4         0x00002489         Code  Gb  ABImemcpy.o [5]
__aeabi_memcpy8         0x00002489         Code  Gb  ABImemcpy.o [5]
__aeabi_memset          0x00002401         Code  Gb  ABImemset.o [5]
__cmain                 0x00003345         Code  Gb  cmain.o [5]
__dwrite                0x00002599   0x1e  Code  Gb  dwrite.o [6]
__exit                  0x00002509   0x14  Code  Gb  exit.o [6]
__iar_EmptyStepPoint    0x00001be1    0x2  Code  Gb  xassert.o [3]
__iar_Memchr            0x00002ae5         Code  Gb  memchr.o [5]
__iar_Memset            0x00002401         Code  Gb  ABImemset.o [5]
__iar_Memset_word       0x00002409         Code  Gb  ABImemset.o [5]
__iar_ReportAssert      0x00002353   0x64  Code  Gb  xreportassert.o [3]
__iar_Strchr            0x00002a95         Code  Gb  strchr.o [5]
__iar_close_ttio        0x0000252d   0x2e  Code  Gb  iarttio.o [6]
__iar_copy_init3        0x00001b23   0x2e  Code  Gb  copy_init3.o [5]
__iar_data_init3        0x000032a9   0x28  Code  Gb  data_init.o [5]
__iar_get_ttio          0x0000255d   0x38  Code  Gb  iarttio.o [6]
__iar_lookup_ttioh      0x000025b9    0x8  Code  Gb  XShttio.o [3]
__iar_program_start     0x00003431         Code  Gb  cstartup_M.o [5]
__iar_sh_stdout         0x000025c1   0x20  Code  Gb  iarwstd.o [6]
__iar_sh_write          0x000025e1   0x22  Code  Gb  iarwrite.o [6]
__iar_ttio_handles      0x10000000    0x8  Data  Lc  XShttio.o [3]
__iar_zero_init3        0x000020bf   0x22  Code  Gb  zero_init3.o [5]
__low_level_init        0x0000335b    0x4  Code  Gb  low_level_init.o [3]
__vector_table          0x00000000         Data  Gb  cstartup_M.o [1]
__vector_table_0x1c     0x0000001c         Data  Gb  cstartup_M.o [1]
__write                 0x0000251d   0x10  Code  Gb  write.o [6]
_call_main              0x00003351         Code  Gb  cmain.o [5]
_exit                   0x00003365         Code  Gb  cexit.o [5]
_main                   0x00003357         Code  Gb  cmain.o [5]
abort                   0x000023f1    0x6  Code  Gb  abort.o [3]
exit                    0x0000335f    0x4  Code  Gb  exit.o [3]
main                    0x00002db1   0xf6  Code  Gb  main.o [1]
memchr                  0x00002ae5         Code  Gb  memchr.o [5]
memcpy                  0x000020b1    0xe  Code  Gb  usb_hw.o [1]
memset                  0x0000209d   0x14  Code  Gb  usb_hw.o [1]
out                     0x0000233d   0x16  Code  Lc  xreportassert.o [3]
pPacketMemUse           0x100002e4    0x4  Data  Gb  usb_hw.o [1]
pUSB_EP_Desc            0x0000347c    0x4  Data  Gb  usb_hw.o [1]
putchar                 0x000024df   0x28  Code  Gb  putchar.o [3]
sprintf                 0x000030c5   0x34  Code  Gb  sprintf.o [3]
strchr                  0x00002a95         Code  Gb  strchr.o [5]
strlen                  0x00002aad         Code  Gb  strlen.o [5]


[1] = C:\Programms\IAR\VirtualCom\Flash Debug\Obj
[2] = command line
[3] = dl7M_tln.a
[4] = m7M_tl.a
[5] = rt7M_tl.a
[6] = shb_l.a

  12 050 bytes of readonly  code memory
     818 bytes of readonly  data memory
   4 852 bytes of readwrite data memory (+ 390 absolute)

Errors: none
Warnings: none
